Probing codecs ...
  g711u          OK
  g711a          OK
  opus16         OK
  amr122         OK
  amr475         OK
  amr122_g711u   OK
Building calls ...
  speaker 1272: 3 call(s)
  speaker 1462: 3 call(s)
  speaker 1673: 3 call(s)
  speaker 174: 3 call(s)
  speaker 1919: 3 call(s)
  speaker 1988: 3 call(s)
  speaker 1993: 3 call(s)
  speaker 2035: 3 call(s)
  speaker 2078: 3 call(s)
  speaker 2086: 3 call(s)
  speaker 2277: 3 call(s)
  speaker 2412: 3 call(s)
  speaker 2428: 3 call(s)
  speaker 251: 3 call(s)
  speaker 2803: 3 call(s)
  speaker 2902: 3 call(s)
  speaker 3000: 3 call(s)
  speaker 3081: 3 call(s)
  speaker 3170: 3 call(s)
  speaker 3536: 3 call(s)
  speaker 3576: 3 call(s)
  speaker 3752: 3 call(s)
  speaker 3853: 3 call(s)
  speaker 422: 3 call(s)
  speaker 5338: 3 call(s)
  speaker 5536: 3 call(s)
  speaker 5694: 3 call(s)
  speaker 5895: 3 call(s)
  speaker 6241: 3 call(s)
  speaker 6295: 3 call(s)
  speaker 6313: 3 call(s)
  speaker 6319: 3 call(s)
  speaker 6345: 3 call(s)
  speaker 652: 3 call(s)
  speaker 777: 3 call(s)
  speaker 7850: 3 call(s)
  speaker 7976: 3 call(s)
  speaker 8297: 3 call(s)
  speaker 84: 3 call(s)
  speaker 8842: 3 call(s)
  120 calls, 40 speakers: 60 calibration / 60 test calls
Honest calls ...
  threshold (99th pct of calibration per-call max window BER) = 0.4554
Attacks ...

Done in 662.8 s. Threshold = 0.4554. Results in ../results/item1_devclean
Shortest splice detected (>=95% | >=50%):
  g711u          splice_natural    2.0 | 1.0
  g711u          splice_synthetic  2.0 | 2.0
  g711a          splice_natural    2.0 | 2.0
  g711a          splice_synthetic  2.0 | 2.0
  opus16         splice_natural    2.0 | 1.0
  opus16         splice_synthetic  2.0 | 1.0
  amr122         splice_natural    2.0 | 1.0
  amr122         splice_synthetic  2.0 | 1.0
  amr475         splice_natural    2.0 | 1.0
  amr475         splice_synthetic  2.0 | 1.0
  amr122_g711u   splice_natural    2.0 | 1.0
  amr122_g711u   splice_synthetic  2.0 | 1.0
